[33mÔØ»[39m Building...
[32mÔ£ö[39m Building...
[35mBrowser bundles[39m      
[1mInitial chunk files[22m  [2m | [22m[1mNames[22m           [2m | [22m [1mRaw size[22m[2m | [22m[1mEstimated transfer size[22m
[32mmain-JGLBRATN.js[39m     [2m | [22m[2mmain[22m            [2m | [22m[36m343.28 kB[39m[2m | [22m               [36m90.50 kB[39m
[32mstyles-HR6D4WJL.css[39m  [2m | [22m[2mstyles[22m          [2m | [22m[36m315.73 kB[39m[2m | [22m               [36m32.95 kB[39m
[32mscripts-SQ7W6IC7.js[39m  [2m | [22m[2mscripts[22m         [2m | [22m [36m80.42 kB[39m[2m | [22m               [36m21.62 kB[39m
[32mpolyfills-B6TNHZQ6.js[39m[2m | [22m[2mpolyfills[22m       [2m | [22m [36m34.58 kB[39m[2m | [22m               [36m11.32 kB[39m

[1m [22m                    [2m | [22m[1mInitial total[22m   [2m | [22m[1m[93m774.00 kB[39m[22m[2m | [22m              [1m156.39 kB[22m


[35mServer bundles[39m       
[1mInitial chunk files[22m  [2m | [22m[1mNames[22m           [2m | [22m [1mRaw size[22m
[32mserver.mjs[39m           [2m | [22m[2mserver[22m          [2m | [22m  [36m1.33 MB[39m[2m | [22m                       
[32mmain.server.mjs[39m      [2m | [22m[2mmain.server[22m     [2m | [22m[36m786.40 kB[39m[2m | [22m                       
[32mpolyfills.server.mjs[39m [2m | [22m[2mpolyfills.server[22m[2m | [22m[36m266.08 kB[39m[2m | [22m                       
[32mchunk-X2SEQXRR.mjs[39m   [2m | [22m[2m-[22m               [2m | [22m  [36m2.41 kB[39m[2m | [22m                       
[32mchunk-GFUZYSQG.mjs[39m   [2m | [22m[2m-[22m               [2m | [22m  [36m1.24 kB[39m[2m | [22m                       

[1mLazy chunk files[22m     [2m | [22m[1mNames[22m           [2m | [22m [1mRaw size[22m
[32mchunk-EJSJJTUO.mjs[39m   [2m | [22m[2mxhr2[22m            [2m | [22m [36m12.14 kB[39m[2m | [22m                       
[32mchunk-TNO4MGIL.mjs[39m   [2m | [22m[2mxhr2[22m            [2m | [22m [36m12.07 kB[39m[2m | [22m                       

[35mPrerendered 5 static routes.[39m
Application bundle generation failed. [6.270 seconds]

node.exe : [1m[33m[33mÔû▓ [43
;33m[[43;30mWARNING[43;33m][0m
 [1mbundle initial exceeded 
maximum budget. Budget 500.00 kB 
was not met by 274.00 kB with a 
total of 774.00 kB.[0m
En C:\Users\accelwolf\AppData\Roa
ming\npm\ng.ps1: 24 Carácter: 5
+     & "node$exe"  "$basedir/nod
e_modules/@angular/cli/bin/ng.js"
 $arg ...
+     ~~~~~~~~~~~~~~~~~~~~~~~~~~~
~~~~~~~~~~~~~~~~~~~~~~~~~~~~~~~~~
~~~~~
    + CategoryInfo          : No 
   tSpecified: ([1m[33m[33mÔ  
  ... 774.00 kB.[0m:String) [   
 ], RemoteException
    + FullyQualifiedErrorId : Na 
   tiveCommandError
 


[33mÔû▓ [43;33m[[43;30mWARNING
[43;33m][0m [1m4 rules 
skipped due to selector errors:
  .form-floating>~label -> Did 
not expect successive traversals.
  .btn-group>+.btn -> Did not 
expect successive traversals.
  .btn-group>+.btn -> Did not 
expect successive traversals.
  .btn-group-vertical>+.btn -> 
Did not expect successive 
traversals.[0m

[39m[22m
[1m[31m[31mX [41;31m[[41;97m
ERROR[41;31m][0m [1mThe 
'productos/editar/:id' route 
uses prerendering and includes 
parameters, but 
'getPrerenderParams' is missing. 
Please define 
'getPrerenderParams' function 
for this route in your server 
routing configuration or specify 
a different 'renderMode'.[0m

[39m[22m
